
ÔÜá´©Å Detected that your app uses Expo Go for development, this is not recommended when building production apps.
Learn more: https://expo.fyi/why-not-build-expo-go-for-production
To suppress this warning, set EAS_BUILD_NO_EXPO_GO_WARNING=true.

The field "cli.appVersionSource" is not set, but it will be required in the future. Learn more: https://docs.expo.dev/build-reference/app-versions/
Resolved "production" environment for the build. Learn more: https://docs.expo.dev/eas/environment-variables/#setting-the-environment-for-your-builds
No environment variables with visibility "Plain text" and "Sensitive" found for the "production" environment on EAS.



The field "cli.appVersionSource" is not set, but it will be required in the future. Learn more: https://docs.expo.dev/build-reference/app-versions/
ÔêÜ Using remote Android credentials (Expo server)
node.exe : ÔêÜ Using Keystore from configuration: Build Credentials Dy9PpSRCIM (default)
At line:1 char:1
+ & "C:\Program Files\nodejs/node.exe" "C:\Program Files\nodejs/node_mo ...
+ ~~~~~~~~~~~~~~~~~~~~~~~~~~~~~~~~~~~~~~~~~~~~~~~~~~~~~~~~~~~~~~~~~~~~~
    + CategoryInfo          : NotSpecified: (ÔêÜ Using Keyst...SRCIM (default):String) [], RemoteException
    + FullyQualifiedErrorId : NativeCommandError
 

Compressing project files and uploading to EAS Build. Learn more: https://expo.fyi/eas-build-archive
- Compressing project files\ Compressing project files| Compressing project files/ Compressing project files- 
Compressing project files\ Compressing project files| Compressing project files/ Compressing project files- 
Compressing project files\ Compressing project files| Compressing project files/ Compressing project files- 
Compressing project files\ Compressing project files| Compressing project files/ Compressing project files- 
Compressing project files\ Compressing project files| Compressing project files/ Compressing project files- 
Compressing project files\ Compressing project files| Compressing project files/ Compressing project files- 
Compressing project files\ Compressing project files| Compressing project files/ Compressing project filesÔêÜ 
Compressed project files 4s (2.0 MB)
- Uploading to EAS Build (0 / 2.0 MB)\ Uploading to EAS Build (64.0 KB / 2.0 MB)| Uploading to EAS Build (448 KB / 2.0 
MB)/ Uploading to EAS Build (512 KB / 2.0 MB)- Uploading to EAS Build (512 KB / 2.0 MB)\ Uploading to EAS Build (512 
KB / 2.0 MB)| Uploading to EAS Build (512 KB / 2.0 MB)/ Uploading to EAS Build (576 KB / 2.0 MB)- Uploading to EAS 
Build (640 KB / 2.0 MB)\ Uploading to EAS Build (704 KB / 2.0 MB)| Uploading to EAS Build (1.0 MB / 2.0 MB)/ Uploading 
to EAS Build (1.1 MB / 2.0 MB)- Uploading to EAS Build (1.3 MB / 2.0 MB)\ Uploading to EAS Build (1.4 MB / 2.0 MB)| 
Uploading to EAS Build (1.7 MB / 2.0 MB)/ Uploading to EAS Build (1.9 MB / 2.0 MB)- Uploading to EAS Build (2.0 MB / 
2.0 MB)\ Uploading to EAS Build (2.0 MB / 2.0 MB)| Uploading to EAS Build (2.0 MB / 2.0 MB)ÔêÜ Uploaded to EAS 2s
Ôîø´©Å Computing the project fingerprint is taking longer than expected...
ÔÅ® To skip this step, set the environment variable: EAS_SKIP_AUTO_FINGERPRINT=1
- Computing project fingerprint\ Computing project fingerprint| Computing project fingerprint/ Computing project 
fingerprint- Computing project fingerprint\ Computing project fingerprint| Computing project fingerprint/ Computing 
project fingerprint- Computing project fingerprint\ Computing project fingerprint| Computing project fingerprint/ 
Computing project fingerprint- Computing project fingerprint\ Computing project fingerprint| Computing project 
fingerprint/ Computing project fingerprint- Computing project fingerprint\ Computing project fingerprint| Computing 
project fingerprint/ Computing project fingerprint- Computing project fingerprint\ Computing project fingerprint| 
Computing project fingerprint/ Computing project fingerprint- Computing project fingerprint\ Computing project 
fingerprint| Computing project fingerprint/ Computing project fingerprint- Computing project fingerprint\ Computing 
project fingerprint| Computing project fingerprint/ Computing project fingerprint- Computing project fingerprint- 
Computing project fingerprint\ Computing project fingerprint| Computing project fingerprint/ Computing project 
fingerprint- Computing project fingerprint\ Computing project fingerprint| Computing project fingerprint/ Computing 
project fingerprint- Computing project fingerprint\ Computing project fingerprint| Computing project fingerprint/ 
Computing project fingerprint- Computing project fingerprint\ Computing project fingerprint| Computing project 
fingerprint/ Computing project fingerprint- Computing project fingerprint\ Computing project fingerprint| Computing 
project fingerprint/ Computing project fingerprint- Computing project fingerprint\ Computing project fingerprint| 
Computing project fingerprint/ Computing project fingerprint- Computing project fingerprint\ Computing project 
fingerprint| Computing project fingerprint/ Computing project fingerprint- Computing project fingerprint\ Computing 
project fingerprint| Computing project fingerprint/ Computing project fingerprint- Computing project fingerprint\ 
Computing project fingerprint| Computing project fingerprint/ Computing project fingerprint- Computing project 
fingerprint\ Computing project fingerprint| Computing project fingerprint/ Computing project fingerprint- Computing 
project fingerprint\ Computing project fingerprint| Computing project fingerprint/ Computing project fingerprint- 
Computing project fingerprint\ Computing project fingerprint| Computing project fingerprint/ Computing project 
fingerprint- Computing project fingerprint\ Computing project fingerprint| Computing project fingerprint/ Computing 
project fingerprint- Computing project fingerprint\ Computing project fingerprint| Computing project fingerprint/ 
Computing project fingerprint- Computing project fingerprint\ Computing project fingerprint| Computing project 
fingerprint/ Computing project fingerprint- Computing project fingerprint\ Computing project fingerprint| Computing 
project fingerprint/ Computing project fingerprint- Computing project fingerprint\ Computing project fingerprint| 
Computing project fingerprint/ Computing project fingerprint- Computing project fingerprint\ Computing project 
fingerprint| Computing project fingerprint/ Computing project fingerprint- Computing project fingerprint\ Computing 
project fingerprint| Computing project fingerprint/ Computing project fingerprint- Computing project fingerprint\ 
Computing project fingerprint| Computing project fingerprint/ Computing project fingerprint- Computing project 
fingerprint\ Computing project fingerprint| Computing project fingerprint/ Computing project fingerprint- Computing 
project fingerprint\ Computing project fingerprint| Computing project fingerprint/ Computing project fingerprint- 
Computing project fingerprint\ Computing project fingerprint| Computing project fingerprint/ Computing project 
fingerprint- Computing project fingerprint\ Computing project fingerprint| Computing project fingerprint/ Computing 
project fingerprint- Computing project fingerprint\ Computing project fingerprint| Computing project fingerprint/ 
Computing project fingerprint- Computing project fingerprint\ Computing project fingerprint| Computing project 
fingerprint/ Computing project fingerprint- Computing project fingerprint\ Computing project fingerprint| Computing 
project fingerprint/ Computing project fingerprint- Computing project fingerprint\ Computing project fingerprint| 
Computing project fingerprint/ Computing project fingerprint- Computing project fingerprint\ Computing project 
fingerprint| Computing project fingerprint/ Computing project fingerprint- Computing project fingerprint\ Computing 
project fingerprint| Computing project fingerprint/ Computing project fingerprint- Computing project fingerprint\ 
Computing project fingerprint| Computing project fingerprint/ Computing project fingerprint- Computing project 
fingerprint\ Computing project fingerprint| Computing project fingerprint/ Computing project fingerprint- Computing 
project fingerprint\ Computing project fingerprint| Computing project fingerprint/ Computing project fingerprint- 
Computing project fingerprint\ Computing project fingerprint| Computing project fingerprint/ Computing project 
fingerprint- Computing project fingerprint\ Computing project fingerprint| Computing project fingerprint/ Computing 
project fingerprint- Computing project fingerprint\ Computing project fingerprint| Computing project fingerprint/ 
Computing project fingerprint- Computing project fingerprint\ Computing project fingerprint| Computing project 
fingerprint/ Computing project fingerprint- Computing project fingerprint\ Computing project fingerprint| Computing 
project fingerprintÔêÜ Computed project fingerprint

See logs: https://expo.dev/accounts/erickfotieno/projects/YourAppName/builds/72008920-a124-40ba-b3ac-821716f87e27

